---
source: crates/mwe-core/src/render.rs
expression: out.text
---
# Controller API edit-composition


Endpoint del Widget Pro che gestisce l'edit di una composition utente.



## Implementazione
[codice + design decision storico]



Quando alice dice "sto sistemando l'edit composition" parla di questa cosa.
